// Vitest Snapshot v1, https://vitest.dev/guide/snapshot.html

exports[`EditOwnerModal component > submit calls handleCloseDetailModal 1`] = `
<div>
  <div
    class="modal-backdrop"
    data-testid="modal-backdrop"
  >
    <div
      class="modal-content"
    >
      <button
        class="close-btn"
      >
        X
      </button>
      <section
        class="modal-content-main"
      >
        <form>
          <header>
            <h2>
              Edit Profile
            </h2>
          </header>
          <div
            class="form-input-container"
          >
            <div>
              <label
                for="name"
              >
                Name 
              </label>
              <input
                class="form-input"
                id="name"
                name="name"
                type="text"
                value=""
              />
              <div />
            </div>
            <div>
              <label
                for="exp"
              >
                Yrs of Exp 
              </label>
              <input
                id="exp"
                name="exp"
                type="number"
                value="0"
              />
            </div>
          </div>
          <div>
            <img
              class="form-img"
              src=""
            />
          </div>
          <div
            class="form-dog-info"
          >
            <div>
              <strong>
                Name:
              </strong>
               
            </div>
            <div>
              <strong>
                Favorite food:
              </strong>
               
            </div>
          </div>
          <button
            type="submit"
          >
            Submit
          </button>
        </form>
      </section>
    </div>
  </div>
</div>
`;
