// Vitest Snapshot v1, https://vitest.dev/guide/snapshot.html

exports[`OwnerList Component > renders List component with correct props when ownerList is not empty 1`] = `
<div>
  <button>
    Adopt
  </button>
  <label
    for="filter"
  >
    Filter by Exp 
  </label>
  <select
    id="filter"
  >
    <option
      value="none"
    >
      None
    </option>
    <option
      value="1"
    >
      1
    </option>
    <option
      value="2"
    >
      2
    </option>
    <option
      value="3"
    >
      3
    </option>
    <option
      value="4"
    >
      4
    </option>
    <option
      value="5"
    >
      5
    </option>
    <option
      value="6"
    >
      6
    </option>
    <option
      value="7"
    >
      7
    </option>
    <option
      value="8"
    >
      8
    </option>
    <option
      value="9"
    >
      9
    </option>
    <option
      value="10"
    >
      10
    </option>
  </select>
  <div
    class="list-container"
  >
    <ul
      class="list-wrapper"
    >
      <li
        class="list-item"
      >
        <div
          class="list-content"
        >
          <div>
            <strong>
              John Doe
            </strong>
          </div>
          <div>
            Exp: 
            3
            yrs
          </div>
          <div>
            <button
              value="1"
            >
              X
            </button>
          </div>
        </div>
        <div
          class="list-btn-wrapper"
        >
          <button
            value="1"
          >
            Details
          </button>
          <button
            value="1"
          >
            Edit
          </button>
        </div>
      </li>
      <li
        class="list-item"
      >
        <div
          class="list-content"
        >
          <div>
            <strong>
              Jane Doe
            </strong>
          </div>
          <div>
            Exp: 
            5
            yrs
          </div>
          <div>
            <button
              value="2"
            >
              X
            </button>
          </div>
        </div>
        <div
          class="list-btn-wrapper"
        >
          <button
            value="2"
          >
            Details
          </button>
          <button
            value="2"
          >
            Edit
          </button>
        </div>
      </li>
    </ul>
  </div>
</div>
`;
