// Vitest Snapshot v1, https://vitest.dev/guide/snapshot.html

exports[`List component > renders list component - populated list 1`] = `
<div>
  <div
    class="list-container"
  >
    <ul
      class="list-wrapper"
    >
      <li
        class="list-item"
      >
        <div
          class="list-content"
        >
          <div>
            <strong>
              Alice
            </strong>
          </div>
          <div>
            Exp: 
            10
            yrs
          </div>
          <div>
            <button
              value="1"
            >
              X
            </button>
          </div>
        </div>
        <div
          class="list-btn-wrapper"
        >
          <button>
            Details
          </button>
          <button>
            Edit
          </button>
        </div>
      </li>
      <li
        class="list-item"
      >
        <div
          class="list-content"
        >
          <div>
            <strong>
              Bob
            </strong>
          </div>
          <div>
            Exp: 
            5
            yrs
          </div>
          <div>
            <button
              value="2"
            >
              X
            </button>
          </div>
        </div>
        <div
          class="list-btn-wrapper"
        >
          <button>
            Details
          </button>
          <button>
            Edit
          </button>
        </div>
      </li>
      <li
        class="list-item"
      >
        <div
          class="list-content"
        >
          <div>
            <strong>
              Jerry
            </strong>
          </div>
          <div>
            Exp: 
            3
            yrs
          </div>
          <div>
            <button
              value="3"
            >
              X
            </button>
          </div>
        </div>
        <div
          class="list-btn-wrapper"
        >
          <button>
            Details
          </button>
          <button>
            Edit
          </button>
        </div>
      </li>
    </ul>
  </div>
</div>
`;
